// Jest Snapshot v1, https://goo.gl/fbAQLP

exports[`<Button /> should render correctly 1`] = `
.c0 {
  background-color: #fff;
  border: none;
  cursor: pointer;
}

<button
  className="c0"
  type="plaintext"
/>
`;

exports[`<H1 /> should render correctly 1`] = `
.c0 {
  color: #595959;
  font-size: 2rem;
  font-family: 'Inconsolata';
  -webkit-letter-spacing: 1px;
  -moz-letter-spacing: 1px;
  -ms-letter-spacing: 1px;
  letter-spacing: 1px;
}

<h1
  className="c0"
/>
`;
